Console log: 'WasmTestOnChrome-ST-System.Runtime.InteropServices.JavaScript.Tests' from job 9a0352ef-67fa-4a5f-b739-cf7767060906 (windows.amd64.server2022.open.rt) using docker image mcr.microsoft.com/dotnet-buildtools/prereqs:windowsservercore-ltsc2022-helix-webassembly on a00EQOG
running %HELIX_CORRELATION_PAYLOAD%\scripts\96912f261b164291a206ee54fb538e14\execute.cmd in C:\h\w\AFDB0926\w\A786097B\e max 1800 seconds

Output:
[BEGIN EXECUTION]

C:\Work>cd /d C:\helix\work\workitem\e 

C:\helix\work\workitem\e>set "PYTHONPATH=" 

C:\helix\work\workitem\e>python -m pip list --disable-pip-version-check   | findstr /r /c:"^helix-scripts " 
helix-scripts          20260114.2

C:\helix\work\workitem\e>if 0 EQU 0 python -m pip uninstall --disable-pip-version-check --yes helix-scripts 
Found existing installation: helix-scripts 20260114.2
Uninstalling helix-scripts-20260114.2:
  Successfully uninstalled helix-scripts-20260114.2

C:\helix\work\workitem\e>python -m pip install --disable-pip-version-check -r C:\helix\scripts\runtime_python_requirements.txt 
Ignoring azure-core: markers 'python_version < "3.12"' don't match your environment
Ignoring azure-identity: markers 'python_version < "3.12"' don't match your environment
Ignoring azure-keyvault-secrets: markers 'python_version < "3.12"' don't match your environment
Ignoring cffi: markers 'python_version < "3.8"' don't match your environment
Ignoring importlib_metadata: markers 'python_version < "3.8"' don't match your environment
Requirement already satisfied: asn1crypto==0.24.0 in c:\python-env\lib\site-packages (from -r C:\helix\scripts\runtime_python_requirements.txt (line 1)) (0.24.0)
Requirement already satisfied: azure-core>=1.31 in c:\python-env\lib\site-packages (from -r C:\helix\scripts\runtime_python_requirements.txt (line 2)) (1.38.0)
Requirement already satisfied: azure-devops==5.0.0b9 in c:\python-env\lib\site-packages (from -r C:\helix\scripts\runtime_python_requirements.txt (line 4)) (5.0.0b9)
Requirement already satisfied: azure-identity>=1.16 in c:\python-env\lib\site-packages (from -r C:\helix\scripts\runtime_python_requirements.txt (line 5)) (1.25.1)
Requirement already satisfied: azure-keyvault-secrets>=4.9 in c:\python-env\lib\site-packages (from -r C:\helix\scripts\runtime_python_requirements.txt (line 7)) (4.10.0)
Requirement already satisfied: azure-storage-blob==12.5.0 in c:\python-env\lib\site-packages (from -r C:\helix\scripts\runtime_python_requirements.txt (line 9)) (12.5.0)
Requirement already satisfied: certifi>=2023.7.22 in c:\python-env\lib\site-packages (from -r C:\helix\scripts\runtime_python_requirements.txt (line 10)) (2026.1.4)
Requirement already satisfied: cffi>=1.16.0 in c:\python-env\lib\site-packages (from -r C:\helix\scripts\runtime_python_requirements.txt (line 12)) (2.0.0)
Requirement already satisfied: cryptography>=39.0.1 in c:\python-env\lib\site-packages (from -r C:\helix\scripts\runtime_python_requirements.txt (line 13)) (46.0.3)
Requirement already satisfied: docker-pycreds==0.4.0 in c:\python-env\lib\site-packages (from -r C:\helix\scripts\runtime_python_requirements.txt (line 14)) (0.4.0)
Requirement already satisfied: docker==7.1.0 in c:\python-env\lib\site-packages (from -r C:\helix\scripts\runtime_python_requirements.txt (line 15)) (7.1.0)
Requirement already satisfied: idna==2.8 in c:\python-env\lib\site-packages (from -r C:\helix\scripts\runtime_python_requirements.txt (line 16)) (2.8)
Requirement already satisfied: isodate>=0.6.0 in c:\python-env\lib\site-packages (from -r C:\helix\scripts\runtime_python_requirements.txt (line 18)) (0.7.2)
Requirement already satisfied: msrest>=0.6.10 in c:\python-env\lib\site-packages (from -r C:\helix\scripts\runtime_python_requirements.txt (line 19)) (0.6.21)
Requirement already satisfied: ndg-httpsclient==0.5.1 in c:\python-env\lib\site-packages (from -r C:\helix\scripts\runtime_python_requirements.txt (line 20)) (0.5.1)
Requirement already satisfied: oauthlib==3.1.0 in c:\python-env\lib\site-packages (from -r C:\helix\scripts\runtime_python_requirements.txt (line 21)) (3.1.0)
Requirement already satisfied: packaging in c:\python-env\lib\site-packages (from -r C:\helix\scripts\runtime_python_requirements.txt (line 22)) (25.0)
Requirement already satisfied: psutil in c:\python-env\lib\site-packages (from -r C:\helix\scripts\runtime_python_requirements.txt (line 23)) (7.2.1)
Requirement already satisfied: pyasn1==0.4.5 in c:\python-env\lib\site-packages (from -r C:\helix\scripts\runtime_python_requirements.txt (line 24)) (0.4.5)
Requirement already satisfied: pycparser==2.19 in c:\python-env\lib\site-packages (from -r C:\helix\scripts\runtime_python_requirements.txt (line 25)) (2.19)
Requirement already satisfied: pyopenssl>=23.0.0 in c:\python-env\lib\site-packages (from -r C:\helix\scripts\runtime_python_requirements.txt (line 26)) (25.3.0)
Requirement already satisfied: pyyaml>=3.11 in c:\python-env\lib\site-packages (from -r C:\helix\scripts\runtime_python_requirements.txt (line 27)) (6.0.3)
Requirement already satisfied: requests-oauthlib==1.2.0 in c:\python-env\lib\site-packages (from -r C:\helix\scripts\runtime_python_requirements.txt (line 28)) (1.2.0)
Requirement already satisfied: requests<=2.28.1,>=2.21.0 in c:\python-env\lib\site-packages (from -r C:\helix\scripts\runtime_python_requirements.txt (line 29)) (2.28.1)
Requirement already satisfied: setuptools in c:\python-env\lib\site-packages (from -r C:\helix\scripts\runtime_python_requirements.txt (line 30)) (80.9.0)
Requirement already satisfied: six>=1.11.0 in c:\python-env\lib\site-packages (from -r C:\helix\scripts\runtime_python_requirements.txt (line 31)) (1.17.0)
Requirement already satisfied: urllib3<1.27,>=1.24.3 in c:\python-env\lib\site-packages (from -r C:\helix\scripts\runtime_python_requirements.txt (line 32)) (1.26.20)
Requirement already satisfied: pywin32>=304 in c:\python-env\lib\site-packages (from docker==7.1.0->-r C:\helix\scripts\runtime_python_requirements.txt (line 15)) (311)
Requirement already satisfied: typing-extensions>=4.6.0 in c:\python-env\lib\site-packages (from azure-core>=1.31->-r C:\helix\scripts\runtime_python_requirements.txt (line 2)) (4.15.0)
Requirement already satisfied: charset-normalizer<3,>=2 in c:\python-env\lib\site-packages (from requests<=2.28.1,>=2.21.0->-r C:\helix\scripts\runtime_python_requirements.txt (line 29)) (2.1.1)
Requirement already satisfied: msal>=1.30.0 in c:\python-env\lib\site-packages (from azure-identity>=1.16->-r C:\helix\scripts\runtime_python_requirements.txt (line 5)) (1.34.0)
Requirement already satisfied: msal-extensions>=1.2.0 in c:\python-env\lib\site-packages (from azure-identity>=1.16->-r C:\helix\scripts\runtime_python_requirements.txt (line 5)) (1.3.1)
Requirement already satisfied: PyJWT<3,>=1.0.0 in c:\python-env\lib\site-packages (from PyJWT[crypto]<3,>=1.0.0->msal>=1.30.0->azure-identity>=1.16->-r C:\helix\scripts\runtime_python_requirements.txt (line 5)) (2.10.1)

C:\helix\work\workitem\e>if 0 NEQ 0 exit /b 0 

C:\helix\work\workitem\e>set "PYTHONPATH=C:\helix\scripts" 

C:\helix\work\workitem\e>C:\helix\work\correlation\scripts\96912f261b164291a206ee54fb538e14\execute.cmd

C:\helix\work\workitem\e>set SCENARIO=WasmTestOnChrome 

C:\helix\work\workitem\e>set XHARNESS_DISABLE_COLORED_OUTPUT=true 

C:\helix\work\workitem\e>set XHARNESS_LOG_WITH_TIMESTAMPS=true 

C:\helix\work\workitem\e>set PATH=C:\helix\work\correlation\chromedriver_win32;C:\Windows\system32;C:\Windows;C:\Windows\System32\Wbem;C:\Windows\System32\WindowsPowerShell\v1.0\;C:\Windows\System32\OpenSSH\;C:\Users\ContainerAdministrator\AppData\Local\Microsoft\WindowsApps;C:\Program Files\PowerShell\;C:\Python-env\Scripts;C:\Python;C:\python\scripts;;C:\Program Files\nodejs\;C:\7z;C:\git\cmd;C:\Users\ContainerAdministrator\AppData\Roaming\npm;C:\Users\ContainerAdministrator\.jsvu\bin; 

C:\helix\work\workitem\e>set PATH=C:\helix\work\correlation\chrome-win;C:\helix\work\correlation\chromedriver_win32;C:\Windows\system32;C:\Windows;C:\Windows\System32\Wbem;C:\Windows\System32\WindowsPowerShell\v1.0\;C:\Windows\System32\OpenSSH\;C:\Users\ContainerAdministrator\AppData\Local\Microsoft\WindowsApps;C:\Program Files\PowerShell\;C:\Python-env\Scripts;C:\Python;C:\python\scripts;;C:\Program Files\nodejs\;C:\7z;C:\git\cmd;C:\Users\ContainerAdministrator\AppData\Roaming\npm;C:\Users\ContainerAdministrator\.jsvu\bin; 

C:\helix\work\workitem\e>taskkill.exe /f /im corerun.exe 
ERROR: The process "corerun.exe" not found.

C:\helix\work\workitem\e>set __TestArchitecture=wasm 

C:\helix\work\workitem\e>set PATH=C:\helix\work\correlation\dotnet-cli;C:\helix\work\correlation\chrome-win;C:\helix\work\correlation\chromedriver_win32;C:\Windows\system32;C:\Windows;C:\Windows\System32\Wbem;C:\Windows\System32\WindowsPowerShell\v1.0\;C:\Windows\System32\OpenSSH\;C:\Users\ContainerAdministrator\AppData\Local\Microsoft\WindowsApps;C:\Program Files\PowerShell\;C:\Python-env\Scripts;C:\Python;C:\python\scripts;;C:\Program Files\nodejs\;C:\7z;C:\git\cmd;C:\Users\ContainerAdministrator\AppData\Roaming\npm;C:\Users\ContainerAdministrator\.jsvu\bin; 

C:\helix\work\workitem\e>set DOTNET_ROOT=C:\helix\work\correlation\dotnet-cli 

C:\helix\work\workitem\e>set DOTNET_CLI_TELEMETRY_OPTOUT=1 

C:\helix\work\workitem\e>set DOTNET_CLI_HOME=C:\helix\work\workitem\e\.dotnet 

C:\helix\work\workitem\e>set NUGET_PACKAGES=C:\helix\work\workitem\e\.nuget 

C:\helix\work\workitem\e>set PATH=C:\helix\work\correlation\xharness-cli;C:\helix\work\correlation\dotnet-cli;C:\helix\work\correlation\chrome-win;C:\helix\work\correlation\chromedriver_win32;C:\Windows\system32;C:\Windows;C:\Windows\System32\Wbem;C:\Windows\System32\WindowsPowerShell\v1.0\;C:\Windows\System32\OpenSSH\;C:\Users\ContainerAdministrator\AppData\Local\Microsoft\WindowsApps;C:\Program Files\PowerShell\;C:\Python-env\Scripts;C:\Python;C:\python\scripts;;C:\Program Files\nodejs\;C:\7z;C:\git\cmd;C:\Users\ContainerAdministrator\AppData\Roaming\npm;C:\Users\ContainerAdministrator\.jsvu\bin; 

C:\helix\work\workitem\e>set XHARNESS_DISABLE_COLORED_OUTPUT=true 

C:\helix\work\workitem\e>set XHARNESS_LOG_WITH_TIMESTAMPS=true 

C:\helix\work\workitem\e>set XHARNESS_CLI_PATH=C:\helix\work\correlation\microsoft.dotnet.xharness.cli\11.0.0-prerelease.26064.3\tools\net8.0\any\Microsoft.DotNet.XHarness.CLI.dll 

C:\helix\work\workitem\e>doskey xharness="dotnet exec C:\helix\work\correlation\microsoft.dotnet.xharness.cli\11.0.0-prerelease.26064.3\tools\net8.0\any\Microsoft.DotNet.XHarness.CLI.dll" 
Invalid macro definition.

C:\helix\work\workitem\e>set XHARNESS_DIAGNOSTICS_PATH=C:\helix\work\workitem\e\diagnostics.json 

C:\helix\work\workitem\e>powershell -command "dotnet dev-certs https --export-path devcerts.pfx --password PLACEHOLDER ; $pw = ConvertTo-SecureString PLACEHOLDER -AsPlainText -Force ; Import-PfxCertificate -FilePath devcerts.pfx -Password $pw -CertStoreLocation Cert:\LocalMachine\Root "   && call RunTests.cmd 

Welcome to .NET 11.0!
---------------------
SDK Version: 11.0.100-alpha.1.26060.102

----------------
Installed an ASP.NET Core HTTPS development certificate.
To trust the certificate, run 'dotnet dev-certs https --trust'
Learn about HTTPS: https://aka.ms/dotnet-https

----------------
Write your first app: https://aka.ms/dotnet-hello-world
Find out what's new: https://aka.ms/dotnet-whats-new
Explore documentation: https://aka.ms/dotnet-docs
Report issues and find source on GitHub: https://github.com/dotnet/core
Use 'dotnet --help' to see available commands or visit: https://aka.ms/dotnet-cli
--------------------------------------------------------------------------------------
An issue was encountered verifying workloads. For more information, run "dotnet workload update".
A valid HTTPS certificate is already present.


   PSParentPath: Microsoft.PowerShell.Security\Certificate::LocalMachine\Root

Thumbprint                                Subject                              
----------                                -------                              
29A4107CDCB96D3B4261A63CB2D14CA47751D72E  CN=localhost                         


set XUNIT_HIDE_PASSING_OUTPUT_DIAGNOSTICS=1
set RuntimeIdentifier=browser-wasm
The system cannot find the drive specified.
EXECUTION_DIR=C:\helix\work\workitem\e\
SCENARIO=WasmTestOnChrome
XHARNESS_OUT=C:\helix\work\workitem\uploads\xharness-output
XHARNESS_CLI_PATH=C:\helix\work\correlation\microsoft.dotnet.xharness.cli\11.0.0-prerelease.26064.3\tools\net8.0\any\Microsoft.DotNet.XHarness.CLI.dll
HARNESS_RUNNER=dotnet.exe exec "C:\helix\work\correlation\microsoft.dotnet.xharness.cli\11.0.0-prerelease.26064.3\tools\net8.0\any\Microsoft.DotNet.XHarness.CLI.dll"
XHARNESS_COMMAND=test-browser
MAIN_JS=
JS_ENGINE=
JS_ENGINE_ARGS=--browser-arg=--js-flags=--stack-trace-limit=1000 --browser-arg=--disable-gpu --pageLoadStrategy=none
XHARNESS_ARGS= --browser-arg=--js-flags=--stack-trace-limit=1000 --browser-arg=--disable-gpu --pageLoadStrategy=none --browser-path=C:\helix\work\correlation\chrome-win\chrome.exe 
----- start Wed 01/28/2026  2:17:31.86 ===============  To repro directly: ===================================================== 
pushd C:\helix\work\workitem\e\
dotnet.exe exec "C:\helix\work\correlation\microsoft.dotnet.xharness.cli\11.0.0-prerelease.26064.3\tools\net8.0\any\Microsoft.DotNet.XHarness.CLI.dll" wasm test-browser --app=. --output-directory=C:\helix\work\workitem\uploads\xharness-output  --web-server-use-cors --web-server-use-https --set-web-server-http-env=DOTNET_TEST_WEBSOCKETHOST,DOTNET_TEST_HTTPHOST,DOTNET_TEST_REMOTE_LOOP_HOST --set-web-server-https-env=DOTNET_TEST_SECUREWEBSOCKETHOST,DOTNET_TEST_SECUREHTTPHOST,DOTNET_TEST_HTTP2HOST --web-server-middleware=C:\helix\work\correlation/xharness/RemoteLoopMiddleware/RemoteLoopServer.dll,RemoteLoopServer.GenericHandler --web-server-middleware=C:\helix\work\correlation/xharness/TestEchoMiddleware/NetCoreServer.dll,NetCoreServer.GenericHandler --engine-arg=--expose-gc --web-server-use-cop -s dotnet.native.js.symbols --symbol-patterns wasm-symbol-patterns.txt --symbolicator WasmSymbolicator.dll,Microsoft.WebAssembly.Internal.SymbolicatorWrapperForXHarness "--timeout=00:30:00"  --browser-arg=--js-flags=--stack-trace-limit=1000 --browser-arg=--disable-gpu --pageLoadStrategy=none --browser-path=C:\helix\work\correlation\chrome-win\chrome.exe    --   --run WasmTestRunner.dll System.Runtime.InteropServices.JavaScript.Tests.dll -parallelThreads 1  -notrait category=IgnoreForCI -notrait category=OuterLoop -notrait category=failing 
popd
===========================================================================================================

C:\helix\work\workitem\e>dotnet.exe exec "C:\helix\work\correlation\microsoft.dotnet.xharness.cli\11.0.0-prerelease.26064.3\tools\net8.0\any\Microsoft.DotNet.XHarness.CLI.dll" wasm test-browser --app=. --output-directory=C:\helix\work\workitem\uploads\xharness-output  --web-server-use-cors --web-server-use-https --set-web-server-http-env=DOTNET_TEST_WEBSOCKETHOST,DOTNET_TEST_HTTPHOST,DOTNET_TEST_REMOTE_LOOP_HOST --set-web-server-https-env=DOTNET_TEST_SECUREWEBSOCKETHOST,DOTNET_TEST_SECUREHTTPHOST,DOTNET_TEST_HTTP2HOST --web-server-middleware=C:\helix\work\correlation/xharness/RemoteLoopMiddleware/RemoteLoopServer.dll,RemoteLoopServer.GenericHandler --web-server-middleware=C:\helix\work\correlation/xharness/TestEchoMiddleware/NetCoreServer.dll,NetCoreServer.GenericHandler --engine-arg=--expose-gc --web-server-use-cop -s dotnet.native.js.symbols --symbol-patterns wasm-symbol-patterns.txt --symbolicator WasmSymbolicator.dll,Microsoft.WebAssembly.Internal.SymbolicatorWrapperForXHarness "--timeout=00:30:00"  --browser-arg=--js-flags=--stack-trace-limit=1000 --browser-arg=--disable-gpu --pageLoadStrategy=none --browser-path=C:\helix\work\correlation\chrome-win\chrome.exe    --   --run WasmTestRunner.dll System.Runtime.InteropServices.JavaScript.Tests.dll -parallelThreads 1  -notrait category=IgnoreForCI -notrait category=OuterLoop -notrait category=failing  
[11.0.0-prerelease.26064.3+31e0b8e08f57890f7b7004b93361d69cd4b21079] XHarness command issued: wasm test-browser --app=. --output-directory=C:\helix\work\workitem\uploads\xharness-output --web-server-use-cors --web-server-use-https --set-web-server-http-env=DOTNET_TEST_WEBSOCKETHOST,DOTNET_TEST_HTTPHOST,DOTNET_TEST_REMOTE_LOOP_HOST --set-web-server-https-env=DOTNET_TEST_SECUREWEBSOCKETHOST,DOTNET_TEST_SECUREHTTPHOST,DOTNET_TEST_HTTP2HOST --web-server-middleware=C:\helix\work\correlation/xharness/RemoteLoopMiddleware/RemoteLoopServer.dll,RemoteLoopServer.GenericHandler --web-server-middleware=C:\helix\work\correlation/xharness/TestEchoMiddleware/NetCoreServer.dll,NetCoreServer.GenericHandler --engine-arg=--expose-gc --web-server-use-cop -s dotnet.native.js.symbols --symbol-patterns wasm-symbol-patterns.txt --symbolicator WasmSymbolicator.dll,Microsoft.WebAssembly.Internal.SymbolicatorWrapperForXHarness --timeout=00:30:00 --browser-arg=--js-flags=--stack-trace-limit=1000 --browser-arg=--disable-gpu --pageLoadStrategy=none --browser-path=C:\helix\work\correlation\chrome-win\chrome.exe -- --run WasmTestRunner.dll System.Runtime.InteropServices.JavaScript.Tests.dll -parallelThreads 1 -notrait category=IgnoreForCI -notrait category=OuterLoop -notrait category=failing
[02:17:32] warn: Cannot find symbols file dotnet.native.js.symbols
[02:17:32] info: Using Chrome from C:\helix\work\correlation\chrome-win\chrome.exe
[02:17:32] info: Starting chromedriver with args: --js-flags=--stack-trace-limit=1000 --disable-gpu --headless --incognito --disable-background-timer-throttling --disable-backgrounding-occluded-windows --disable-renderer-backgrounding --enable-features=NetworkService,NetworkServiceInProcess --allow-insecure-localhost --disable-breakpad --disable-component-extensions-with-background-pages --disable-dev-shm-usage --disable-extensions --disable-features=TranslateUI --disable-ipc-flooding-protection --force-color-profile=srgb --metrics-recording-only and load strategy: None
Starting ChromeDriver 143.0.7499.0 (0000000000000000000000000000000000000000-0000000000000000000000000000000000000000) on port 49160
Only local connections are allowed.
Please see https://chromedriver.chromium.org/security-considerations for suggestions on keeping ChromeDriver safe.
ChromeDriver was started successfully on port 49160.
[02:17:49] info: Loaded RemoteLoopServer.GenericHandler middleware
[02:17:49] info: Loaded NetCoreServer.GenericHandler middleware
[02:18:00] info: Running in: Mozilla/5.0 (Windows NT 10.0; Win64; x64) AppleWebKit/537.36 (KHTML, like Gecko) HeadlessChrome/143.0.0.0 Safari/537.36
[02:18:00] info: Running at: http://127.0.0.1:49170/index.html?arg=--setenv%3dDOTNET_TEST_WEBSOCKETHOST%3d127.0.0.1%3a49170&arg=--setenv%3dDOTNET_TEST_HTTPHOST%3d127.0.0.1%3a49170&arg=--setenv%3dDOTNET_TEST_REMOTE_LOOP_HOST%3d127.0.0.1%3a49170&arg=--setenv%3dDOTNET_TEST_SECUREWEBSOCKETHOST%3d127.0.0.1%3a49171&arg=--setenv%3dDOTNET_TEST_SECUREHTTPHOST%3d127.0.0.1%3a49171&arg=--setenv%3dDOTNET_TEST_HTTP2HOST%3d127.0.0.1%3a49171&arg=--run&arg=WasmTestRunner.dll&arg=System.Runtime.InteropServices.JavaScript.Tests.dll&arg=-parallelThreads&arg=1&arg=-notrait&arg=category%3dIgnoreForCI&arg=-notrait&arg=category%3dOuterLoop&arg=-notrait&arg=category%3dfailing&arg=-verbosity&arg=Info
[02:18:00] info: Incoming arguments: --setenv=DOTNET_TEST_WEBSOCKETHOST=127.0.0.1:49170 --setenv=DOTNET_TEST_HTTPHOST=127.0.0.1:49170 --setenv=DOTNET_TEST_REMOTE_LOOP_HOST=127.0.0.1:49170 --setenv=DOTNET_TEST_SECUREWEBSOCKETHOST=127.0.0.1:49171 --setenv=DOTNET_TEST_SECUREHTTPHOST=127.0.0.1:49171 --setenv=DOTNET_TEST_HTTP2HOST=127.0.0.1:49171 --run WasmTestRunner.dll System.Runtime.InteropServices.JavaScript.Tests.dll -parallelThreads 1 -notrait category=IgnoreForCI -notrait category=OuterLoop -notrait category=failing -verbosity Info
[02:18:00] info: Application arguments: --run WasmTestRunner.dll System.Runtime.InteropServices.JavaScript.Tests.dll -parallelThreads 1 -notrait category=IgnoreForCI -notrait category=OuterLoop -notrait category=failing -verbosity Info
[02:18:01] info: Initializing dotnet version 11.0.0-ci commit hash fc5adeb488feae35cd3437445b470f9c045d1588
[02:18:02] info: Using threadless Xunit runner
[02:18:02] info: Discovering: System.Runtime.InteropServices.JavaScript.Tests.dll (method display = ClassAndMethod, method display options = None)
[02:18:02] info: Discovered:  System.Runtime.InteropServices.JavaScript.Tests.dll (found 166 of 169 test cases)
[02:18:02] info: Starting:    System.Runtime.InteropServices.JavaScript.Tests.dll
[02:18:18] info: Stored C:\helix\work\workitem\uploads\xharness-output\testResults.xml results 118494 bytes
[02:18:18] info: Finished:    System.Runtime.InteropServices.JavaScript.Tests.dll
[02:18:18] info: Finished uploading 118494 bytes of RESULTXML
[02:18:18] info: Xml file was written to the provided writer.
[02:18:18] info: 
[02:18:18] info: === TEST EXECUTION SUMMARY ===
[02:18:18] info: Tests run: 454 Passed: 452 Inconclusive: 0 Failed: 0 Ignored: 0 Skipped: 2
[02:18:18] info: 
[02:18:18] info: test-main.js exiting WasmTestRunner.dll System.Runtime.InteropServices.JavaScript.Tests.dll after 0.27903333333333336 minutes with result 0 and linear memory 69730304 bytes
[02:18:18] info: MONO_WASM: Proxy of C# function with GCHandle 182 was still alive. disposing.
[02:18:18] info: MONO_WASM: Proxy of C# function with GCHandle 214 was still alive. disposing.
[02:18:18] info: MONO_WASM: Proxy of C# function with GCHandle 230 was still alive. disposing.
[02:18:18] info: MONO_WASM: Proxy of C# object with GCHandle 262 was still alive. disposing.
[02:18:18] info: MONO_WASM: Proxy of C# object with GCHandle 278 was still alive. disposing.
[02:18:18] info: MONO_WASM: Proxy of C# object with GCHandle 294 was still alive. disposing.
[02:18:18] info: MONO_WASM: Proxy of C# object with GCHandle 310 was still alive. disposing.
[02:18:18] info: MONO_WASM: Proxy of C# object with GCHandle 489 was still alive. disposing.
[02:18:18] info: MONO_WASM: Proxy of C# object with GCHandle 297 was still alive. disposing.
[02:18:18] info: MONO_WASM: Proxy of C# function with GCHandle 326 was still alive. disposing.
[02:18:18] info: MONO_WASM: Proxy of C# function with GCHandle 342 was still alive. disposing.
[02:18:18] info: MONO_WASM: Proxy of C# function with GCHandle 358 was still alive. disposing.
[02:18:18] info: MONO_WASM: Proxy of C# function with GCHandle 374 was still alive. disposing.
[02:18:18] info: MONO_WASM: Proxy of C# object with GCHandle 390 was still alive. disposing.
[02:18:18] info: MONO_WASM: Proxy of C# object with GCHandle 406 was still alive. disposing.
[02:18:18] info: MONO_WASM: Proxy of C# object with GCHandle 422 was still alive. disposing.
[02:18:18] info: MONO_WASM: Proxy of C# function with GCHandle 438 was still alive. disposing.
[02:18:18] info: MONO_WASM: Proxy of C# function with GCHandle 454 was still alive. disposing.
[02:18:18] info: MONO_WASM: Proxy of C# object with GCHandle 486 was still alive. disposing.
[02:18:18] info: MONO_WASM: Proxy of C# function with GCHandle 502 was still alive. disposing.
[02:18:18] info: MONO_WASM: Proxy of C# function with GCHandle 198 was still alive. disposing.
[02:18:18] info: MONO_WASM: Proxy of C# function with GCHandle 246 was still alive. disposing.
[02:18:18] info: MONO_WASM: Proxy of C# object with GCHandle 470 was still alive. disposing.
[02:18:18] info: MONO_WASM: Proxy of C# object with GCHandle 518 was still alive. disposing.
[02:18:18] info: MONO_WASM: Proxy of C# object with GCHandle 534 was still alive. disposing.
[02:18:18] info: MONO_WASM: Proxy of C# object with GCHandle 550 was still alive. disposing.
[02:18:18] info: MONO_WASM: Proxy of C# object with GCHandle 566 was still alive. disposing.
[02:18:18] info: MONO_WASM: Proxy of C# object with GCHandle 582 was still alive. disposing.
[02:18:18] info: MONO_WASM: Proxy of C# object with GCHandle 598 was still alive. disposing.
[02:18:18] info: MONO_WASM: Proxy of C# object with GCHandle 614 was still alive. disposing.
[02:18:18] info: MONO_WASM: Proxy of C# object with GCHandle 630 was still alive. disposing.
[02:18:18] info: MONO_WASM: Proxy of C# object with GCHandle 646 was still alive. disposing.
[02:18:18] info: MONO_WASM: Proxy of C# object with GCHandle 662 was still alive. disposing.
[02:18:18] info: MONO_WASM: Proxy of C# object with GCHandle 678 was still alive. disposing.
[02:18:18] info: MONO_WASM: Proxy of C# object with GCHandle 694 was still alive. disposing.
[02:18:18] info: MONO_WASM: Proxy of C# object with GCHandle 710 was still alive. disposing.
[02:18:18] info: MONO_WASM: Proxy of C# object with GCHandle 726 was still alive. disposing.
[02:18:18] info: MONO_WASM: Proxy of C# object with GCHandle 742 was still alive. disposing.
[02:18:18] info: MONO_WASM: Proxy of C# object with GCHandle 758 was still alive. disposing.
[02:18:18] info: MONO_WASM: Proxy of C# object with GCHandle 774 was still alive. disposing.
[02:18:18] info: MONO_WASM: Proxy of C# object with GCHandle 790 was still alive. disposing.
[02:18:18] info: MONO_WASM: Proxy of C# object with GCHandle 806 was still alive. disposing.
[02:18:18] info: MONO_WASM: Proxy of C# object with GCHandle 822 was still alive. disposing.
[02:18:18] info: MONO_WASM: Proxy of C# object with GCHandle 838 was still alive. disposing.
[02:18:18] info: MONO_WASM: Proxy of C# object with GCHandle 854 was still alive. disposing.
[02:18:18] info: MONO_WASM: Proxy of C# object with GCHandle 870 was still alive. disposing.
[02:18:18] info: MONO_WASM: Proxy of C# object with GCHandle 886 was still alive. disposing.
[02:18:18] info: MONO_WASM: Proxy of C# object with GCHandle 902 was still alive. disposing.
[02:18:18] info: MONO_WASM: Proxy of C# object with GCHandle 918 was still alive. disposing.
[02:18:18] info: MONO_WASM: Proxy of C# object with GCHandle 934 was still alive. disposing.
[02:18:18] info: MONO_WASM: Proxy of C# object with GCHandle 950 was still alive. disposing.
[02:18:18] info: MONO_WASM: Proxy of C# object with GCHandle 966 was still alive. disposing.
[02:18:18] info: MONO_WASM: Proxy of C# object with GCHandle 982 was still alive. disposing.
[02:18:18] info: MONO_WASM: Proxy of C# object with GCHandle 998 was still alive. disposing.
[02:18:18] info: MONO_WASM: Proxy of C# object with GCHandle 1014 was still alive. disposing.
[02:18:18] info: MONO_WASM: Proxy of C# object with GCHandle 1030 was still alive. disposing.
[02:18:18] info: MONO_WASM: Proxy of C# object with GCHandle 1046 was still alive. disposing.
[02:18:18] info: MONO_WASM: Proxy of C# object with GCHandle 1062 was still alive. disposing.
[02:18:18] info: MONO_WASM: Proxy of C# object with GCHandle 1078 was still alive. disposing.
[02:18:18] info: MONO_WASM: Proxy of C# object with GCHandle 1094 was still alive. disposing.
[02:18:18] info: MONO_WASM: Proxy of C# object with GCHandle 1110 was still alive. disposing.
[02:18:18] info: MONO_WASM: Proxy of C# object with GCHandle 1126 was still alive. disposing.
[02:18:18] info: MONO_WASM: Proxy of C# object with GCHandle 1142 was still alive. disposing.
[02:18:18] info: MONO_WASM: Proxy of C# object with GCHandle 1158 was still alive. disposing.
[02:18:18] info: MONO_WASM: Proxy of C# object with GCHandle 1174 was still alive. disposing.
[02:18:18] info: MONO_WASM: Proxy of C# object with GCHandle 1190 was still alive. disposing.
[02:18:18] info: MONO_WASM: Proxy of C# object with GCHandle 1206 was still alive. disposing.
[02:18:18] info: MONO_WASM: Proxy of C# object with GCHandle 1222 was still alive. disposing.
[02:18:18] info: MONO_WASM: Proxy of C# object with GCHandle 1238 was still alive. disposing.
[02:18:18] info: MONO_WASM: Proxy of C# object with GCHandle 1254 was still alive. disposing.
[02:18:18] info: MONO_WASM: Proxy of C# object with GCHandle 1270 was still alive. disposing.
[02:18:18] info: MONO_WASM: Proxy of C# object with GCHandle 1286 was still alive. disposing.
[02:18:18] info: MONO_WASM: Proxy of C# object with GCHandle 1302 was still alive. disposing.
[02:18:18] info: MONO_WASM: Proxy of C# object with GCHandle 1318 was still alive. disposing.
[02:18:18] info: MONO_WASM: Proxy of C# object with GCHandle 1334 was still alive. disposing.
[02:18:18] info: MONO_WASM: Proxy of C# object with GCHandle 1350 was still alive. disposing.
[02:18:18] info: MONO_WASM: Proxy of C# object with GCHandle 1366 was still alive. disposing.
[02:18:18] info: MONO_WASM: Proxy of C# object with GCHandle 1382 was still alive. disposing.
[02:18:18] info: MONO_WASM: Proxy of C# object with GCHandle 1398 was still alive. disposing.
[02:18:18] info: MONO_WASM: Proxy of C# object with GCHandle 1414 was still alive. disposing.
[02:18:18] info: MONO_WASM: Proxy of C# object with GCHandle 1430 was still alive. disposing.
[02:18:18] info: MONO_WASM: Proxy of C# object with GCHandle 1446 was still alive. disposing.
[02:18:18] info: MONO_WASM: Proxy of C# object with GCHandle 1462 was still alive. disposing.
[02:18:18] info: MONO_WASM: Proxy of C# object with GCHandle 1478 was still alive. disposing.
[02:18:18] info: MONO_WASM: Proxy of C# object with GCHandle 1494 was still alive. disposing.
[02:18:18] info: MONO_WASM: Proxy of C# object with GCHandle 1510 was still alive. disposing.
[02:18:18] info: MONO_WASM: Proxy of C# object with GCHandle 1526 was still alive. disposing.
[02:18:18] info: MONO_WASM: Proxy of C# object with GCHandle 1542 was still alive. disposing.
[02:18:18] info: MONO_WASM: Proxy of C# object with GCHandle 1558 was still alive. disposing.
[02:18:18] info: MONO_WASM: Proxy of C# object with GCHandle 1574 was still alive. disposing.
[02:18:18] info: MONO_WASM: Proxy of C# object with GCHandle 1590 was still alive. disposing.
[02:18:18] info: MONO_WASM: Proxy of C# object with GCHandle 1606 was still alive. disposing.
[02:18:18] info: MONO_WASM: Proxy of C# object with GCHandle 1622 was still alive. disposing.
[02:18:18] info: MONO_WASM: Proxy of C# object with GCHandle 1638 was still alive. disposing.
[02:18:18] info: MONO_WASM: Proxy of C# object with GCHandle 1654 was still alive. disposing.
[02:18:18] info: MONO_WASM: Proxy of C# object with GCHandle 1670 was still alive. disposing.
[02:18:18] info: MONO_WASM: Proxy of C# object with GCHandle 1686 was still alive. disposing.
[02:18:18] info: MONO_WASM: Proxy of C# object with GCHandle 1702 was still alive. disposing.
[02:18:18] info: MONO_WASM: Proxy of C# object with GCHandle 1718 was still alive. disposing.
[02:18:18] info: MONO_WASM: Proxy of C# object with GCHandle 1734 was still alive. disposing.
[02:18:18] info: MONO_WASM: Proxy of C# object with GCHandle 1750 was still alive. disposing.
[02:18:18] info: MONO_WASM: Proxy of C# object with GCHandle 1766 was still alive. disposing.
[02:18:18] info: MONO_WASM: Proxy of C# object with GCHandle 1782 was still alive. disposing.
[02:18:18] info: MONO_WASM: Proxy of C# object with GCHandle 1798 was still alive. disposing.
[02:18:18] info: MONO_WASM: Proxy of C# object with GCHandle 1814 was still alive. disposing.
[02:18:18] info: MONO_WASM: Proxy of C# object with GCHandle 1830 was still alive. disposing.
[02:18:18] info: MONO_WASM: Proxy of C# object with GCHandle 1846 was still alive. disposing.
[02:18:18] info: MONO_WASM: Proxy of C# object with GCHandle 1862 was still alive. disposing.
[02:18:18] info: MONO_WASM: Proxy of C# object with GCHandle 1878 was still alive. disposing.
[02:18:18] info: MONO_WASM: Proxy of C# object with GCHandle 1894 was still alive. disposing.
[02:18:18] info: MONO_WASM: Proxy of C# object with GCHandle 1910 was still alive. disposing.
[02:18:18] info: MONO_WASM: Proxy of C# object with GCHandle 1926 was still alive. disposing.
[02:18:18] info: MONO_WASM: Proxy of C# object with GCHandle 1942 was still alive. disposing.
[02:18:18] info: MONO_WASM: Proxy of C# object with GCHandle 1958 was still alive. disposing.
[02:18:18] info: MONO_WASM: Proxy of C# object with GCHandle 1974 was still alive. disposing.
[02:18:18] info: MONO_WASM: Proxy of C# object with GCHandle 1990 was still alive. disposing.
[02:18:18] info: MONO_WASM: Proxy of C# object with GCHandle 2006 was still alive. disposing.
[02:18:18] info: MONO_WASM: Proxy of C# object with GCHandle 2022 was still alive. disposing.
[02:18:18] info: MONO_WASM: Proxy of C# object with GCHandle 2038 was still alive. disposing.
[02:18:18] info: MONO_WASM: Proxy of C# object with GCHandle 2054 was still alive. disposing.
[02:18:18] info: MONO_WASM: Proxy of C# object with GCHandle 2070 was still alive. disposing.
[02:18:18] info: MONO_WASM: Proxy of C# object with GCHandle 2086 was still alive. disposing.
[02:18:18] info: MONO_WASM: Proxy of C# object with GCHandle 2102 was still alive. disposing.
[02:18:18] info: MONO_WASM: Proxy of C# object with GCHandle 2118 was still alive. disposing.
[02:18:18] info: MONO_WASM: Proxy of C# object with GCHandle 2134 was still alive. disposing.
[02:18:18] info: MONO_WASM: Proxy of C# object with GCHandle 2150 was still alive. disposing.
[02:18:18] info: MONO_WASM: Proxy of C# object with GCHandle 2166 was still alive. disposing.
[02:18:18] info: MONO_WASM: Proxy of C# object with GCHandle 2182 was still alive. disposing.
[02:18:18] info: MONO_WASM: Proxy of C# object with GCHandle 2198 was still alive. disposing.
[02:18:18] info: MONO_WASM: Proxy of C# object with GCHandle 2214 was still alive. disposing.
[02:18:18] info: MONO_WASM: Proxy of C# object with GCHandle 2230 was still alive. disposing.
[02:18:18] info: MONO_WASM: Proxy of C# object with GCHandle 2246 was still alive. disposing.
[02:18:18] info: MONO_WASM: Proxy of C# object with GCHandle 2262 was still alive. disposing.
[02:18:18] info: MONO_WASM: Proxy of C# object with GCHandle 2278 was still alive. disposing.
[02:18:18] info: MONO_WASM: Proxy of C# object with GCHandle 2294 was still alive. disposing.
[02:18:18] info: MONO_WASM: Proxy of C# object with GCHandle 2310 was still alive. disposing.
[02:18:18] info: MONO_WASM: Proxy of C# object with GCHandle 2326 was still alive. disposing.
[02:18:18] info: MONO_WASM: Proxy of C# object with GCHandle 2342 was still alive. disposing.
[02:18:18] info: MONO_WASM: Proxy of C# object with GCHandle 2358 was still alive. disposing.
[02:18:18] info: MONO_WASM: Proxy of C# object with GCHandle 2374 was still alive. disposing.
[02:18:18] info: MONO_WASM: Proxy of C# object with GCHandle 2390 was still alive. disposing.
[02:18:18] info: MONO_WASM: Proxy of C# object with GCHandle 2406 was still alive. disposing.
[02:18:18] info: MONO_WASM: Proxy of C# object with GCHandle 2422 was still alive. disposing.
[02:18:18] info: MONO_WASM: Proxy of C# object with GCHandle 2438 was still alive. disposing.
[02:18:18] info: MONO_WASM: Proxy of C# object with GCHandle 2454 was still alive. disposing.
[02:18:18] info: MONO_WASM: Proxy of C# object with GCHandle 2470 was still alive. disposing.
[02:18:18] info: MONO_WASM: Proxy of C# object with GCHandle 2486 was still alive. disposing.
[02:18:18] info: MONO_WASM: Proxy of C# object with GCHandle 2502 was still alive. disposing.
[02:18:18] info: MONO_WASM: Proxy of C# object with GCHandle 2518 was still alive. disposing.
[02:18:18] info: MONO_WASM: Proxy of C# object with GCHandle 2534 was still alive. disposing.
[02:18:18] info: MONO_WASM: Proxy of C# object with GCHandle 2550 was still alive. disposing.
[02:18:18] info: MONO_WASM: Proxy of C# object with GCHandle 2566 was still alive. disposing.
[02:18:18] info: MONO_WASM: Proxy of C# object with GCHandle 2582 was still alive. disposing.
[02:18:18] info: MONO_WASM: Proxy of C# object with GCHandle 2598 was still alive. disposing.
[02:18:18] info: MONO_WASM: Proxy of C# object with GCHandle 2614 was still alive. disposing.
[02:18:18] info: MONO_WASM: Proxy of C# object with GCHandle 2630 was still alive. disposing.
[02:18:18] info: MONO_WASM: Proxy of C# object with GCHandle 2646 was still alive. disposing.
[02:18:18] info: MONO_WASM: Proxy of C# object with GCHandle 2662 was still alive. disposing.
[02:18:18] info: MONO_WASM: Proxy of C# object with GCHandle 2678 was still alive. disposing.
[02:18:18] info: MONO_WASM: Proxy of C# object with GCHandle 2694 was still alive. disposing.
[02:18:18] info: MONO_WASM: Proxy of C# object with GCHandle 2710 was still alive. disposing.
[02:18:18] info: MONO_WASM: Proxy of C# object with GCHandle 2726 was still alive. disposing.
[02:18:18] info: MONO_WASM: Proxy of C# object with GCHandle 2742 was still alive. disposing.
[02:18:18] info: MONO_WASM: Proxy of C# object with GCHandle 2758 was still alive. disposing.
[02:18:18] info: MONO_WASM: Proxy of C# object with GCHandle 2774 was still alive. disposing.
[02:18:18] info: MONO_WASM: Proxy of C# object with GCHandle 2790 was still alive. disposing.
[02:18:18] info: MONO_WASM: Proxy of C# object with GCHandle 2806 was still alive. disposing.
[02:18:18] info: MONO_WASM: Proxy of C# object with GCHandle 2822 was still alive. disposing.
[02:18:18] info: MONO_WASM: Proxy of C# object with GCHandle 2838 was still alive. disposing.
[02:18:18] info: MONO_WASM: Proxy of C# object with GCHandle 2854 was still alive. disposing.
[02:18:18] info: MONO_WASM: Proxy of C# object with GCHandle 2870 was still alive. disposing.
[02:18:18] info: MONO_WASM: Proxy of C# object with GCHandle 2886 was still alive. disposing.
[02:18:18] info: MONO_WASM: Proxy of C# object with GCHandle 2902 was still alive. disposing.
[02:18:18] info: MONO_WASM: Proxy of C# object with GCHandle 2918 was still alive. disposing.
[02:18:18] info: MONO_WASM: Proxy of C# object with GCHandle 2934 was still alive. disposing.
[02:18:18] info: MONO_WASM: Proxy of C# object with GCHandle 2950 was still alive. disposing.
[02:18:18] info: MONO_WASM: Proxy of C# object with GCHandle 2966 was still alive. disposing.
[02:18:18] info: MONO_WASM: Proxy of C# object with GCHandle 2982 was still alive. disposing.
[02:18:18] info: MONO_WASM: Proxy of C# object with GCHandle 2998 was still alive. disposing.
[02:18:18] info: MONO_WASM: Proxy of C# object with GCHandle 3014 was still alive. disposing.
[02:18:18] info: MONO_WASM: Proxy of C# object with GCHandle 3030 was still alive. disposing.
[02:18:18] info: MONO_WASM: Proxy of C# object with GCHandle 3046 was still alive. disposing.
[02:18:18] info: MONO_WASM: Proxy of C# object with GCHandle 3062 was still alive. disposing.
[02:18:18] info: MONO_WASM: Proxy of C# object with GCHandle 3078 was still alive. disposing.
[02:18:18] info: MONO_WASM: Proxy of C# object with GCHandle 3094 was still alive. disposing.
[02:18:18] info: MONO_WASM: Proxy of C# object with GCHandle 3110 was still alive. disposing.
[02:18:18] info: MONO_WASM: Proxy of C# object with GCHandle 3126 was still alive. disposing.
[02:18:18] info: MONO_WASM: Proxy of C# object with GCHandle 3142 was still alive. disposing.
[02:18:18] info: MONO_WASM: Proxy of C# object with GCHandle 3158 was still alive. disposing.
[02:18:18] info: MONO_WASM: Proxy of C# object with GCHandle 3174 was still alive. disposing.
[02:18:18] info: MONO_WASM: Proxy of C# object with GCHandle 3190 was still alive. disposing.
[02:18:18] info: MONO_WASM: Proxy of C# object with GCHandle 3206 was still alive. disposing.
[02:18:18] info: MONO_WASM: Proxy of C# object with GCHandle 3222 was still alive. disposing.
[02:18:18] info: MONO_WASM: Proxy of C# object with GCHandle 3238 was still alive. disposing.
[02:18:18] info: MONO_WASM: Proxy of C# object with GCHandle 3254 was still alive. disposing.
[02:18:18] info: MONO_WASM: Proxy of C# object with GCHandle 3270 was still alive. disposing.
[02:18:18] info: MONO_WASM: Proxy of C# object with GCHandle 3286 was still alive. disposing.
[02:18:18] info: MONO_WASM: Proxy of C# object with GCHandle 3302 was still alive. disposing.
[02:18:18] info: MONO_WASM: Proxy of C# object with GCHandle 3318 was still alive. disposing.
[02:18:18] info: MONO_WASM: Proxy of C# object with GCHandle 3334 was still alive. disposing.
[02:18:18] info: MONO_WASM: Proxy of C# object with GCHandle 3350 was still alive. disposing.
[02:18:18] info: MONO_WASM: Proxy of C# object with GCHandle 3366 was still alive. disposing.
[02:18:18] info: MONO_WASM: Proxy of C# object with GCHandle 3382 was still alive. disposing.
[02:18:18] info: MONO_WASM: Proxy of C# object with GCHandle 3398 was still alive. disposing.
[02:18:18] info: MONO_WASM: Proxy of C# object with GCHandle 3414 was still alive. disposing.
[02:18:18] info: MONO_WASM: Proxy of C# object with GCHandle 3430 was still alive. disposing.
[02:18:18] info: MONO_WASM: Proxy of C# object with GCHandle 3446 was still alive. disposing.
[02:18:18] info: MONO_WASM: Proxy of C# object with GCHandle 3462 was still alive. disposing.
[02:18:18] info: MONO_WASM: Proxy of C# object with GCHandle 3478 was still alive. disposing.
[02:18:18] info: MONO_WASM: Proxy of C# object with GCHandle 3494 was still alive. disposing.
[02:18:18] info: MONO_WASM: Proxy of C# object with GCHandle 3510 was still alive. disposing.
[02:18:18] info: MONO_WASM: Proxy of C# object with GCHandle 3526 was still alive. disposing.
[02:18:18] info: MONO_WASM: Proxy of C# object with GCHandle 3542 was still alive. disposing.
[02:18:18] info: MONO_WASM: Proxy of C# object with GCHandle 3558 was still alive. disposing.
[02:18:18] info: MONO_WASM: Proxy of C# object with GCHandle 3574 was still alive. disposing.
[02:18:18] info: MONO_WASM: Proxy of C# object with GCHandle 3590 was still alive. disposing.
[02:18:18] info: MONO_WASM: Proxy of C# object with GCHandle 3606 was still alive. disposing.
[02:18:18] info: MONO_WASM: Proxy of C# object with GCHandle 3622 was still alive. disposing.
[02:18:18] info: MONO_WASM: Proxy of C# object with GCHandle 3638 was still alive. disposing.
[02:18:18] info: MONO_WASM: Proxy of C# object with GCHandle 3654 was still alive. disposing.
[02:18:18] info: MONO_WASM: Proxy of C# object with GCHandle 3670 was still alive. disposing.
[02:18:18] info: MONO_WASM: Proxy of C# object with GCHandle 3686 was still alive. disposing.
[02:18:18] info: MONO_WASM: Proxy of C# object with GCHandle 3702 was still alive. disposing.
[02:18:18] info: MONO_WASM: Proxy of C# object with GCHandle 3718 was still alive. disposing.
[02:18:18] info: MONO_WASM: Proxy of C# object with GCHandle 3734 was still alive. disposing.
[02:18:18] info: MONO_WASM: Proxy of C# object with GCHandle 3750 was still alive. disposing.
[02:18:18] info: MONO_WASM: Proxy of C# object with GCHandle 3766 was still alive. disposing.
[02:18:18] info: MONO_WASM: Proxy of C# object with GCHandle 3782 was still alive. disposing.
[02:18:18] info: MONO_WASM: Proxy of C# object with GCHandle 3798 was still alive. disposing.
[02:18:18] info: MONO_WASM: Proxy of C# object with GCHandle 3814 was still alive. disposing.
[02:18:18] info: MONO_WASM: Proxy of C# object with GCHandle 3830 was still alive. disposing.
[02:18:18] info: MONO_WASM: Proxy of C# function with GCHandle 3846 was still alive. disposing.
[02:18:18] info: MONO_WASM: Proxy of C# object with GCHandle 3878 was still alive. disposing.
[02:18:18] info: MONO_WASM: Proxy of C# object with GCHandle 3894 was still alive. disposing.
[02:18:18] info: MONO_WASM: Proxy of C# function with GCHandle 3910 was still alive. disposing.
[02:18:18] info: MONO_WASM: Proxy of C# object with GCHandle 3926 was still alive. disposing.
[02:18:18] info: MONO_WASM: Proxy of C# object with GCHandle 3942 was still alive. disposing.
[02:18:18] info: MONO_WASM: Proxy of C# object with GCHandle 3958 was still alive. disposing.
[02:18:18] info: MONO_WASM: Proxy of C# object with GCHandle 3990 was still alive. disposing.
[02:18:18] info: MONO_WASM: Proxy of C# function with GCHandle 4006 was still alive. disposing.
[02:18:18] info: MONO_WASM: Proxy of C# function with GCHandle 4022 was still alive. disposing.
[02:18:18] info: MONO_WASM: Proxy of C# object with GCHandle 137 was still alive. disposing.
[02:18:18] info: MONO_WASM: Proxy of C# object with GCHandle 169 was still alive. disposing.
[02:18:18] info: MONO_WASM: Proxy of C# object with GCHandle 201 was still alive. disposing.
[02:18:18] info: MONO_WASM: Proxy of C# function with GCHandle 4038 was still alive. disposing.
[02:18:18] info: MONO_WASM: Proxy of C# object with GCHandle 121 was still alive. disposing.
[02:18:18] info: MONO_WASM: Proxy of JS object with JSHandle 3 was still alive. disposing.
[02:18:18] info: MONO_WASM: Proxy of JS object with JSHandle 5 was still alive. disposing.
[02:18:18] info: MONO_WASM: Proxy of JS function with JSHandle 7 was still alive. disposing.
[02:18:18] info: MONO_WASM: Proxy of JS function with JSHandle 8 was still alive. disposing.
[02:18:18] info: MONO_WASM: Proxy of JS object with JSHandle 10 was still alive. disposing.
[02:18:18] info: MONO_WASM: forceDisposeProxies done: 250 imports, 0 exports, 246 GCHandles, 5 JSHandles.
[02:18:18] info: WASM EXIT 0
[02:18:18] info: Waiting to flush log messages with a timeout of 120 secs ..
[02:18:18] info: Closing 1 browser tabs before setting the main tab to config page and quitting.
XHarness exit code: 0

C:\helix\work\workitem\e>set EXIT_CODE=0 
----- end Wed 01/28/2026  2:18:26.51 ----- exit code 0 ----------------------------------------------------------
XHarness artifacts: C:\helix\work\workitem\uploads\xharness-output
python: can't open file 'C:\\helix\\work\\workitem\\u\\xharness-event-processor.py': [Errno 2] No such file or directory
C:\Python-env\Lib\site-packages\azure\__init__.py:5: UserWarning: pkg_resources is deprecated as an API. See https://setuptools.pypa.io/en/latest/pkg_resources.html. The pkg_resources package is slated for removal as early as 2025-11-30. Refrain from using this package or pin to Setuptools<81.
  import pkg_resources
2026-01-28T02:18:28.942Z	INFO   	run.py	managed_identity(151)	__init__	ManagedIdentityCredential will use IMDS with client_id: 3423231b-6b9e-4177-8817-76276b647404
2026-01-28T02:18:28.942Z	INFO   	run.py	azure_utils(32)	get_credential_and_access_token	VMSSManagedIdentity VmssMIClientIdForUpload Auth type will be used
2026-01-28T02:18:28.949Z	INFO   	run.py	_universal(511)	on_request	Request URL: 'http://169.254.169.254/metadata/identity/oauth2/token?api-version=REDACTED&resource=REDACTED&client_id=REDACTED'
Request method: 'GET'
Request headers:
    'Metadata': 'REDACTED'
    'User-Agent': 'azsdk-python-identity/1.25.1 Python/3.14.0 (Windows-2022Server-10.0.20348-SP0)'
No body was attached to the request
2026-01-28T02:18:30.955Z	INFO   	run.py	_universal(511)	on_request	Request URL: 'http://169.254.169.254/metadata/identity/oauth2/token?api-version=REDACTED&resource=REDACTED&client_id=REDACTED'
Request method: 'GET'
Request headers:
    'Metadata': 'REDACTED'
    'User-Agent': 'azsdk-python-identity/1.25.1 Python/3.14.0 (Windows-2022Server-10.0.20348-SP0)'
No body was attached to the request
2026-01-28T02:18:34.559Z	INFO   	run.py	_universal(511)	on_request	Request URL: 'http://169.254.169.254/metadata/identity/oauth2/token?api-version=REDACTED&resource=REDACTED&client_id=REDACTED'
Request method: 'GET'
Request headers:
    'Metadata': 'REDACTED'
    'User-Agent': 'azsdk-python-identity/1.25.1 Python/3.14.0 (Windows-2022Server-10.0.20348-SP0)'
No body was attached to the request
2026-01-28T02:18:39.760Z	INFO   	run.py	_universal(511)	on_request	Request URL: 'http://169.254.169.254/metadata/identity/oauth2/token?api-version=REDACTED&resource=REDACTED&client_id=REDACTED'
Request method: 'GET'
Request headers:
    'Metadata': 'REDACTED'
    'User-Agent': 'azsdk-python-identity/1.25.1 Python/3.14.0 (Windows-2022Server-10.0.20348-SP0)'
No body was attached to the request
2026-01-28T02:18:41.764Z	WARNING	run.py	msal_managed_identity_client(191)	_get_token_base	ImdsCredential.get_token failed: ManagedIdentityCredential authentication unavailable, no response from the IMDS endpoint.
2026-01-28T02:18:41.764Z	WARNING	run.py	decorators(51)	wrapper	ManagedIdentityCredential.get_token failed: ManagedIdentityCredential authentication unavailable, no response from the IMDS endpoint.
2026-01-28T02:18:41.764Z	WARNING	run.py	azure_utils(66)	get_credential_and_access_token	Token was not retrieved: ManagedIdentityCredential authentication unavailable, no response from the IMDS endpoint.
Server failed to authenticate the request. Please refer to the information in the www-authenticate header.
RequestId:5fd0447e-c01e-009f-3afc-8f4e46000000
Time:2026-01-28T02:18:42.2321109Z
ErrorCode:NoAuthenticationInformation
Error:None
Content: <?xml version="1.0" encoding="utf-8"?><Error><Code>NoAuthenticationInformation</Code><Message>Server failed to authenticate the request. Please refer to the information in the www-authenticate header.
RequestId:5fd0447e-c01e-009f-3afc-8f4e46000000
Time:2026-01-28T02:18:42.2321109Z</Message></Error>
2026-01-28T02:18:42.264Z	INFO   	run.py	run(48)	main	Beginning reading of test results.
2026-01-28T02:18:42.264Z	INFO   	run.py	__init__(42)	read_results	Searching 'C:\helix\work\workitem\e' for test results files
2026-01-28T02:18:42.266Z	INFO   	run.py	__init__(42)	read_results	Searching 'C:\helix\work\workitem\uploads' for test results files
2026-01-28T02:18:42.266Z	INFO   	run.py	__init__(48)	read_results	Found results file C:\helix\work\workitem\uploads\xharness-output\testResults.xml with format xunit
2026-01-28T02:18:42.272Z	INFO   	run.py	packing_test_reporter(30)	report_results	Packing 454 test reports to 'C:\helix\work\workitem\e\__test_report.json'
2026-01-28T02:18:42.274Z	INFO   	run.py	packing_test_reporter(33)	report_results	Packed 116764 bytes
ERROR: The process "corerun.exe" not found.

[END EXECUTION]
Exit Code:0